../Core/Src/main.c:38:5:main	8	static
../Core/Src/main.c:73:6:HAL_UART_RxCpltCallback	16	static
../Core/Src/main.c:80:6:forward	16	static
../Core/Src/main.c:91:6:back	16	static
../Core/Src/main.c:101:6:left	16	static
../Core/Src/main.c:113:6:right	16	static
../Core/Src/main.c:123:6:stop	8	static
../Core/Src/main.c:135:6:SystemClock_Config	88	static
../Core/Src/main.c:182:13:MX_TIM3_Init	48	static
../Core/Src/main.c:224:13:MX_TIM4_Init	48	static
../Core/Src/main.c:265:13:MX_USART6_UART_Init	8	static
../Core/Src/main.c:283:13:MX_GPIO_Init	48	static
../Core/Src/main.c:333:6:Error_Handler	4	static,ignoring_inline_asm
